===== Collect | tests/test_collect_task.py::test_collect_task_applies_message_idempotency =====
.                                                                        [100%]
=============================== tests coverage ================================
_______________ coverage: platform win32, python 3.14.0-final-0 _______________

Name                                                Stmts   Miss  Cover   Missing
---------------------------------------------------------------------------------
app\__init__.py                                         0      0   100%
app\api\__init__.py                                     0      0   100%
app\api\v1\__init__.py                                  0      0   100%
app\api\v1\alerts.py                                   92     92     0%   1-250
app\api\v1\analytics.py                                26     26     0%   1-57
app\api\v1\auth.py                                     99     99     0%   1-236
app\api\v1\domains.py                                  46     46     0%   1-102
app\api\v1\incidents.py                                27     27     0%   1-60
app\api\v1\integrations.py                             46     46     0%   1-127
app\api\v1\ioc.py                                      55     55     0%   1-105
app\api\v1\mailboxes.py                                55     55     0%   1-134
app\api\v1\recommendations.py                          42     42     0%   1-128
app\api\v1\records.py                                  24     24     0%   1-57
app\api\v1\reports.py                                  28     28     0%   1-73
app\api\v1\sources.py                                  29     29     0%   1-60
app\core\__init__.py                                    0      0   100%
app\core\config.py                                     64      2    97%   68-69
app\core\dependencies.py                               28     28     0%   1-47
app\core\exceptions.py                                 29     29     0%   1-85
app\core\middleware.py                                 57     57     0%   1-88
app\core\observability.py                              33     33     0%   1-55
app\core\rbac.py                                       51     51     0%   1-109
app\core\security.py                                   46     46     0%   1-95
app\db\__init__.py                                      0      0   100%
app\db\base.py                                          9      9     0%   1-25
app\db\session.py                                      30     30     0%   1-63
app\main.py                                            67     67     0%   1-111
app\repositories\__init__.py                            5      5     0%   1-6
app\repositories\alert_repository.py                  147    147     0%   1-558
app\repositories\incident_repository.py                33     33     0%   1-80
app\repositories\pagination.py                         22     22     0%   1-34
app\repositories\record_repository.py                  49     49     0%   1-99
app\repositories\report_raw_repository.py              46     46     0%   1-148
app\repositories\report_repository.py                  35     35     0%   1-94
app\schemas\__init__.py                                 0      0   100%
app\schemas\alerts.py                                  22     22     0%   1-58
app\schemas\analytics.py                                9      9     0%   1-41
app\schemas\auth.py                                    16     16     0%   1-32
app\schemas\domains.py                                 12     12     0%   1-28
app\schemas\incidents.py                                3      3     0%   1-6
app\schemas\integrations.py                            15     15     0%   1-34
app\schemas\ioc.py                                      3      3     0%   1-16
app\schemas\mailboxes.py                               19     19     0%   1-41
app\schemas\recommendations.py                          8      8     0%   1-29
app\schemas\records.py                                  3      3     0%   1-14
app\schemas\reports.py                                  4      4     0%   1-17
app\schemas\sources.py                                  5      5     0%   1-26
app\services\__init__.py                                0      0   100%
app\services\alerting\__init__.py                       5      5     0%   1-11
app\services\alerting\models.py                        19     19     0%   1-32
app\services\alerting\notifiers.py                     62     62     0%   1-164
app\services\alerting\realtime.py                      80     80     0%   1-133
app\services\alerting\router.py                        23     23     0%   1-58
app\services\analysis\__init__.py                       2      2     0%   1-3
app\services\analysis\alignment.py                     34     34     0%   1-67
app\services\analytics\__init__.py                      2      2     0%   1-3
app\services\analytics\metrics.py                      92     92     0%   1-164
app\services\collector\__init__.py                      0      0   100%
app\services\collector\attachment_decompressor.py      51     31    39%   26, 28, 32-38, 41-68
app\services\collector\imap_client.py                  52     39    25%   34-35, 44-67, 70-85, 95-102, 105-110
app\services\collector\minio_uploader.py               24     13    46%   32-38, 46-49, 58-68
app\services\correlation\__init__.py                    4      4     0%   1-5
app\services\correlation\classifier.py                 32     32     0%   1-49
app\services\correlation\detector.py                   78     78     0%   1-141
app\services\correlation\incident_creator.py           24     24     0%   1-89
app\services\domain_store.py                           44     44     0%   1-81
app\services\enrichment\__init__.py                     4      4     0%   1-16
app\services\enrichment\cache.py                       22     22     0%   1-30
app\services\enrichment\clients.py                    106    106     0%   1-244
app\services\enrichment\models.py                      11     11     0%   1-33
app\services\enrichment\ratelimit.py                   15     15     0%   1-18
app\services\enrichment\service.py                     16     16     0%   1-47
app\services\integrations\__init__.py                   2      2     0%   1-10
app\services\integrations\store.py                     89     89     0%   1-151
app\services\mailbox_store.py                          53     35    34%   24, 36-50, 53, 56, 59-62, 76-93, 96-100, 105, 109
app\services\parser\__init__.py                         2      2     0%   1-9
app\services\parser\dmarc_parser.py                   122    122     0%   1-208
app\services\parser\minio_report_reader.py             20     20     0%   1-51
app\services\parser\report_indexer.py                  21     21     0%   1-60
app\services\parser\report_persister.py                27     27     0%   1-124
app\services\recommendation\__init__.py                 5      5     0%   1-9
app\services\recommendation\engine.py                  28     28     0%   1-95
app\services\recommendation\models.py                   5      5     0%   1-13
app\services\recommendation\resolution_store.py        19     19     0%   1-47
app\services\recommendation\store.py                   24     24     0%   1-57
app\services\scoring\__init__.py                        3      3     0%   1-10
app\services\scoring\engine.py                         55     55     0%   1-139
app\services\scoring\store.py                          24     24     0%   1-54
app\services\sources\__init__.py                        2      2     0%   1-3
app\services\sources\intelligence.py                   78     78     0%   1-145
app\workers\__init__.py                                 0      0   100%
app\workers\celery_app.py                               8      0   100%
app\workers\tasks\__init__.py                           0      0   100%
app\workers\tasks\alert.py                            113    113     0%   1-322
app\workers\tasks\analysis.py                          30     30     0%   1-86
app\workers\tasks\collect.py                          111     31    72%   25, 33, 37-38, 42-44, 49-63, 76-88, 109, 146-159, 219, 246-250
app\workers\tasks\correlate.py                         56     56     0%   1-115
app\workers\tasks\parse.py                             36     36     0%   1-73
app\workers\tasks\recommend.py                         29     29     0%   1-66
app\workers\tasks\score.py                             29     29     0%   1-65
---------------------------------------------------------------------------------
TOTAL                                                3232   3020     7%
1 passed in 2.45s

===== Parse | tests/test_parse_task.py::test_parse_task_pipeline_reads_parses_persists_and_indexes =====
.                                                                        [100%]
=============================== tests coverage ================================
_______________ coverage: platform win32, python 3.14.0-final-0 _______________

Name                                                Stmts   Miss  Cover   Missing
---------------------------------------------------------------------------------
app\__init__.py                                         0      0   100%
app\api\__init__.py                                     0      0   100%
app\api\v1\__init__.py                                  0      0   100%
app\api\v1\alerts.py                                   92     92     0%   1-250
app\api\v1\analytics.py                                26     26     0%   1-57
app\api\v1\auth.py                                     99     99     0%   1-236
app\api\v1\domains.py                                  46     46     0%   1-102
app\api\v1\incidents.py                                27     27     0%   1-60
app\api\v1\integrations.py                             46     46     0%   1-127
app\api\v1\ioc.py                                      55     55     0%   1-105
app\api\v1\mailboxes.py                                55     55     0%   1-134
app\api\v1\recommendations.py                          42     42     0%   1-128
app\api\v1\records.py                                  24     24     0%   1-57
app\api\v1\reports.py                                  28     28     0%   1-73
app\api\v1\sources.py                                  29     29     0%   1-60
app\core\__init__.py                                    0      0   100%
app\core\config.py                                     64      2    97%   68-69
app\core\dependencies.py                               28     28     0%   1-47
app\core\exceptions.py                                 29     29     0%   1-85
app\core\middleware.py                                 57     57     0%   1-88
app\core\observability.py                              33     33     0%   1-55
app\core\rbac.py                                       51     51     0%   1-109
app\core\security.py                                   46     46     0%   1-95
app\db\__init__.py                                      0      0   100%
app\db\base.py                                          9      9     0%   1-25
app\db\session.py                                      30     17    43%   16-25, 30-33, 43, 52-54, 58, 62-63
app\main.py                                            67     67     0%   1-111
app\repositories\__init__.py                            5      5     0%   1-6
app\repositories\alert_repository.py                  147    147     0%   1-558
app\repositories\incident_repository.py                33     33     0%   1-80
app\repositories\pagination.py                         22     22     0%   1-34
app\repositories\record_repository.py                  49     49     0%   1-99
app\repositories\report_raw_repository.py              46     46     0%   1-148
app\repositories\report_repository.py                  35     35     0%   1-94
app\schemas\__init__.py                                 0      0   100%
app\schemas\alerts.py                                  22     22     0%   1-58
app\schemas\analytics.py                                9      9     0%   1-41
app\schemas\auth.py                                    16     16     0%   1-32
app\schemas\domains.py                                 12     12     0%   1-28
app\schemas\incidents.py                                3      3     0%   1-6
app\schemas\integrations.py                            15     15     0%   1-34
app\schemas\ioc.py                                      3      3     0%   1-16
app\schemas\mailboxes.py                               19     19     0%   1-41
app\schemas\recommendations.py                          8      8     0%   1-29
app\schemas\records.py                                  3      3     0%   1-14
app\schemas\reports.py                                  4      4     0%   1-17
app\schemas\sources.py                                  5      5     0%   1-26
app\services\__init__.py                                0      0   100%
app\services\alerting\__init__.py                       5      5     0%   1-11
app\services\alerting\models.py                        19     19     0%   1-32
app\services\alerting\notifiers.py                     62     62     0%   1-164
app\services\alerting\realtime.py                      80     80     0%   1-133
app\services\alerting\router.py                        23     23     0%   1-58
app\services\analysis\__init__.py                       2      2     0%   1-3
app\services\analysis\alignment.py                     34     34     0%   1-67
app\services\analytics\__init__.py                      2      2     0%   1-3
app\services\analytics\metrics.py                      92     92     0%   1-164
app\services\collector\__init__.py                      0      0   100%
app\services\collector\attachment_decompressor.py      51     51     0%   1-68
app\services\collector\imap_client.py                  52     52     0%   1-110
app\services\collector\minio_uploader.py               24     24     0%   1-68
app\services\correlation\__init__.py                    4      4     0%   1-5
app\services\correlation\classifier.py                 32     32     0%   1-49
app\services\correlation\detector.py                   78     78     0%   1-141
app\services\correlation\incident_creator.py           24     24     0%   1-89
app\services\domain_store.py                           44     44     0%   1-81
app\services\enrichment\__init__.py                     4      4     0%   1-16
app\services\enrichment\cache.py                       22     22     0%   1-30
app\services\enrichment\clients.py                    106    106     0%   1-244
app\services\enrichment\models.py                      11     11     0%   1-33
app\services\enrichment\ratelimit.py                   15     15     0%   1-18
app\services\enrichment\service.py                     16     16     0%   1-47
app\services\integrations\__init__.py                   2      2     0%   1-10
app\services\integrations\store.py                     89     89     0%   1-151
app\services\mailbox_store.py                          53     53     0%   1-109
app\services\parser\__init__.py                         2      0   100%
app\services\parser\dmarc_parser.py                   122     89    27%   49, 52-77, 89-92, 95-114, 117-129, 142-152, 156-159, 163-167, 171-176, 180-188, 192, 196-201, 205-208
app\services\parser\minio_report_reader.py             20     10    50%   28-34, 42-51
app\services\parser\report_indexer.py                  21     14    33%   9-11, 21-54, 57-60
app\services\parser\report_persister.py                27     17    37%   13-48, 51-69, 79-124
app\services\recommendation\__init__.py                 5      5     0%   1-9
app\services\recommendation\engine.py                  28     28     0%   1-95
app\services\recommendation\models.py                   5      5     0%   1-13
app\services\recommendation\resolution_store.py        19     19     0%   1-47
app\services\recommendation\store.py                   24     24     0%   1-57
app\services\scoring\__init__.py                        3      3     0%   1-10
app\services\scoring\engine.py                         55     55     0%   1-139
app\services\scoring\store.py                          24     24     0%   1-54
app\services\sources\__init__.py                        2      2     0%   1-3
app\services\sources\intelligence.py                   78     78     0%   1-145
app\workers\__init__.py                                 0      0   100%
app\workers\celery_app.py                               8      0   100%
app\workers\tasks\__init__.py                           0      0   100%
app\workers\tasks\alert.py                            113    113     0%   1-322
app\workers\tasks\analysis.py                          30     30     0%   1-86
app\workers\tasks\collect.py                          111    111     0%   1-250
app\workers\tasks\correlate.py                         56     56     0%   1-115
app\workers\tasks\parse.py                             36     12    67%   13, 17, 21, 25, 29-31, 41-50
app\workers\tasks\recommend.py                         29     29     0%   1-66
app\workers\tasks\score.py                             29     29     0%   1-65
---------------------------------------------------------------------------------
TOTAL                                                3232   3063     5%
1 passed in 3.36s

===== Analyze | tests/test_analysis_task.py::test_analysis_worker_computes_metrics_and_enqueues_followups =====
.                                                                        [100%]
=============================== tests coverage ================================
_______________ coverage: platform win32, python 3.14.0-final-0 _______________

Name                                                Stmts   Miss  Cover   Missing
---------------------------------------------------------------------------------
app\__init__.py                                         0      0   100%
app\api\__init__.py                                     0      0   100%
app\api\v1\__init__.py                                  0      0   100%
app\api\v1\alerts.py                                   92     92     0%   1-250
app\api\v1\analytics.py                                26     26     0%   1-57
app\api\v1\auth.py                                     99     99     0%   1-236
app\api\v1\domains.py                                  46     46     0%   1-102
app\api\v1\incidents.py                                27     27     0%   1-60
app\api\v1\integrations.py                             46     46     0%   1-127
app\api\v1\ioc.py                                      55     55     0%   1-105
app\api\v1\mailboxes.py                                55     55     0%   1-134
app\api\v1\recommendations.py                          42     42     0%   1-128
app\api\v1\records.py                                  24     24     0%   1-57
app\api\v1\reports.py                                  28     28     0%   1-73
app\api\v1\sources.py                                  29     29     0%   1-60
app\core\__init__.py                                    0      0   100%
app\core\config.py                                     64      2    97%   68-69
app\core\dependencies.py                               28     28     0%   1-47
app\core\exceptions.py                                 29     29     0%   1-85
app\core\middleware.py                                 57     57     0%   1-88
app\core\observability.py                              33     33     0%   1-55
app\core\rbac.py                                       51     51     0%   1-109
app\core\security.py                                   46     46     0%   1-95
app\db\__init__.py                                      0      0   100%
app\db\base.py                                          9      9     0%   1-25
app\db\session.py                                      30     17    43%   16-25, 30-33, 43, 52-54, 58, 62-63
app\main.py                                            67     67     0%   1-111
app\repositories\__init__.py                            5      0   100%
app\repositories\alert_repository.py                  147    147     0%   1-558
app\repositories\incident_repository.py                33     33     0%   1-80
app\repositories\pagination.py                         22     11    50%   14-16, 20, 24, 28-34
app\repositories\record_repository.py                  49     39    20%   11-13, 16-21, 31-69, 72-76, 79-99
app\repositories\report_raw_repository.py              46     25    46%   69-75, 89-99, 102-107, 110, 119-129, 145-148
app\repositories\report_repository.py                  35     22    37%   25-41, 44-69, 77-91, 94
app\schemas\__init__.py                                 0      0   100%
app\schemas\alerts.py                                  22     22     0%   1-58
app\schemas\analytics.py                                9      9     0%   1-41
app\schemas\auth.py                                    16     16     0%   1-32
app\schemas\domains.py                                 12     12     0%   1-28
app\schemas\incidents.py                                3      3     0%   1-6
app\schemas\integrations.py                            15     15     0%   1-34
app\schemas\ioc.py                                      3      3     0%   1-16
app\schemas\mailboxes.py                               19     19     0%   1-41
app\schemas\recommendations.py                          8      8     0%   1-29
app\schemas\records.py                                  3      3     0%   1-14
app\schemas\reports.py                                  4      4     0%   1-17
app\schemas\sources.py                                  5      5     0%   1-26
app\services\__init__.py                                0      0   100%
app\services\alerting\__init__.py                       5      5     0%   1-11
app\services\alerting\models.py                        19     19     0%   1-32
app\services\alerting\notifiers.py                     62     62     0%   1-164
app\services\alerting\realtime.py                      80     80     0%   1-133
app\services\alerting\router.py                        23     23     0%   1-58
app\services\analysis\__init__.py                       2      0   100%
app\services\analysis\alignment.py                     34      2    94%   25, 61
app\services\analytics\__init__.py                      2      2     0%   1-3
app\services\analytics\metrics.py                      92     92     0%   1-164
app\services\collector\__init__.py                      0      0   100%
app\services\collector\attachment_decompressor.py      51     51     0%   1-68
app\services\collector\imap_client.py                  52     52     0%   1-110
app\services\collector\minio_uploader.py               24     24     0%   1-68
app\services\correlation\__init__.py                    4      4     0%   1-5
app\services\correlation\classifier.py                 32     32     0%   1-49
app\services\correlation\detector.py                   78     78     0%   1-141
app\services\correlation\incident_creator.py           24     24     0%   1-89
app\services\domain_store.py                           44     44     0%   1-81
app\services\enrichment\__init__.py                     4      4     0%   1-16
app\services\enrichment\cache.py                       22     22     0%   1-30
app\services\enrichment\clients.py                    106    106     0%   1-244
app\services\enrichment\models.py                      11     11     0%   1-33
app\services\enrichment\ratelimit.py                   15     15     0%   1-18
app\services\enrichment\service.py                     16     16     0%   1-47
app\services\integrations\__init__.py                   2      2     0%   1-10
app\services\integrations\store.py                     89     89     0%   1-151
app\services\mailbox_store.py                          53     53     0%   1-109
app\services\parser\__init__.py                         2      2     0%   1-9
app\services\parser\dmarc_parser.py                   122    122     0%   1-208
app\services\parser\minio_report_reader.py             20     20     0%   1-51
app\services\parser\report_indexer.py                  21     21     0%   1-60
app\services\parser\report_persister.py                27     27     0%   1-124
app\services\recommendation\__init__.py                 5      5     0%   1-9
app\services\recommendation\engine.py                  28     28     0%   1-95
app\services\recommendation\models.py                   5      5     0%   1-13
app\services\recommendation\resolution_store.py        19     19     0%   1-47
app\services\recommendation\store.py                   24     24     0%   1-57
app\services\scoring\__init__.py                        3      3     0%   1-10
app\services\scoring\engine.py                         55     55     0%   1-139
app\services\scoring\store.py                          24     24     0%   1-54
app\services\sources\__init__.py                        2      2     0%   1-3
app\services\sources\intelligence.py                   78     78     0%   1-145
app\workers\__init__.py                                 0      0   100%
app\workers\celery_app.py                               8      0   100%
app\workers\tasks\__init__.py                           0      0   100%
app\workers\tasks\alert.py                            113    113     0%   1-322
app\workers\tasks\analysis.py                          30      9    70%   11, 19-21, 35-44
app\workers\tasks\collect.py                          111    111     0%   1-250
app\workers\tasks\correlate.py                         56     56     0%   1-115
app\workers\tasks\parse.py                             36     36     0%   1-73
app\workers\tasks\recommend.py                         29     29     0%   1-66
app\workers\tasks\score.py                             29     29     0%   1-65
---------------------------------------------------------------------------------
TOTAL                                                3232   3034     6%
1 passed in 3.28s

===== Correlate | tests/test_correlate_task.py::test_correlate_task_enqueues_alert_dispatch_jobs =====
.                                                                        [100%]
=============================== tests coverage ================================
_______________ coverage: platform win32, python 3.14.0-final-0 _______________

Name                                                Stmts   Miss  Cover   Missing
---------------------------------------------------------------------------------
app\__init__.py                                         0      0   100%
app\api\__init__.py                                     0      0   100%
app\api\v1\__init__.py                                  0      0   100%
app\api\v1\alerts.py                                   92     92     0%   1-250
app\api\v1\analytics.py                                26     26     0%   1-57
app\api\v1\auth.py                                     99     99     0%   1-236
app\api\v1\domains.py                                  46     46     0%   1-102
app\api\v1\incidents.py                                27     27     0%   1-60
app\api\v1\integrations.py                             46     46     0%   1-127
app\api\v1\ioc.py                                      55     55     0%   1-105
app\api\v1\mailboxes.py                                55     55     0%   1-134
app\api\v1\recommendations.py                          42     42     0%   1-128
app\api\v1\records.py                                  24     24     0%   1-57
app\api\v1\reports.py                                  28     28     0%   1-73
app\api\v1\sources.py                                  29     29     0%   1-60
app\core\__init__.py                                    0      0   100%
app\core\config.py                                     64      2    97%   68-69
app\core\dependencies.py                               28     28     0%   1-47
app\core\exceptions.py                                 29     29     0%   1-85
app\core\middleware.py                                 57     57     0%   1-88
app\core\observability.py                              33     33     0%   1-55
app\core\rbac.py                                       51     51     0%   1-109
app\core\security.py                                   46     46     0%   1-95
app\db\__init__.py                                      0      0   100%
app\db\base.py                                          9      9     0%   1-25
app\db\session.py                                      30     17    43%   16-25, 30-33, 43, 52-54, 58, 62-63
app\main.py                                            67     67     0%   1-111
app\repositories\__init__.py                            5      0   100%
app\repositories\alert_repository.py                  147    147     0%   1-558
app\repositories\incident_repository.py                33     33     0%   1-80
app\repositories\pagination.py                         22     11    50%   14-16, 20, 24, 28-34
app\repositories\record_repository.py                  49     39    20%   11-13, 16-21, 31-69, 72-76, 79-99
app\repositories\report_raw_repository.py              46     25    46%   69-75, 89-99, 102-107, 110, 119-129, 145-148
app\repositories\report_repository.py                  35     22    37%   25-41, 44-69, 77-91, 94
app\schemas\__init__.py                                 0      0   100%
app\schemas\alerts.py                                  22     22     0%   1-58
app\schemas\analytics.py                                9      9     0%   1-41
app\schemas\auth.py                                    16     16     0%   1-32
app\schemas\domains.py                                 12     12     0%   1-28
app\schemas\incidents.py                                3      3     0%   1-6
app\schemas\integrations.py                            15     15     0%   1-34
app\schemas\ioc.py                                      3      3     0%   1-16
app\schemas\mailboxes.py                               19     19     0%   1-41
app\schemas\recommendations.py                          8      8     0%   1-29
app\schemas\records.py                                  3      3     0%   1-14
app\schemas\reports.py                                  4      4     0%   1-17
app\schemas\sources.py                                  5      5     0%   1-26
app\services\__init__.py                                0      0   100%
app\services\alerting\__init__.py                       5      5     0%   1-11
app\services\alerting\models.py                        19     19     0%   1-32
app\services\alerting\notifiers.py                     62     62     0%   1-164
app\services\alerting\realtime.py                      80     80     0%   1-133
app\services\alerting\router.py                        23     23     0%   1-58
app\services\analysis\__init__.py                       2      2     0%   1-3
app\services\analysis\alignment.py                     34     34     0%   1-67
app\services\analytics\__init__.py                      2      2     0%   1-3
app\services\analytics\metrics.py                      92     92     0%   1-164
app\services\collector\__init__.py                      0      0   100%
app\services\collector\attachment_decompressor.py      51     51     0%   1-68
app\services\collector\imap_client.py                  52     52     0%   1-110
app\services\collector\minio_uploader.py               24     24     0%   1-68
app\services\correlation\__init__.py                    4      0   100%
app\services\correlation\classifier.py                 32      8    75%   18, 22, 35-36, 40-42, 49
app\services\correlation\detector.py                   78      9    88%   45, 57, 72, 74, 91, 101, 115, 128, 138
app\services\correlation\incident_creator.py           24     13    46%   26-30, 38-89
app\services\domain_store.py                           44     44     0%   1-81
app\services\enrichment\__init__.py                     4      4     0%   1-16
app\services\enrichment\cache.py                       22     22     0%   1-30
app\services\enrichment\clients.py                    106    106     0%   1-244
app\services\enrichment\models.py                      11     11     0%   1-33
app\services\enrichment\ratelimit.py                   15     15     0%   1-18
app\services\enrichment\service.py                     16     16     0%   1-47
app\services\integrations\__init__.py                   2      2     0%   1-10
app\services\integrations\store.py                     89     89     0%   1-151
app\services\mailbox_store.py                          53     53     0%   1-109
app\services\parser\__init__.py                         2      2     0%   1-9
app\services\parser\dmarc_parser.py                   122    122     0%   1-208
app\services\parser\minio_report_reader.py             20     20     0%   1-51
app\services\parser\report_indexer.py                  21     21     0%   1-60
app\services\parser\report_persister.py                27     27     0%   1-124
app\services\recommendation\__init__.py                 5      5     0%   1-9
app\services\recommendation\engine.py                  28     28     0%   1-95
app\services\recommendation\models.py                   5      5     0%   1-13
app\services\recommendation\resolution_store.py        19     19     0%   1-47
app\services\recommendation\store.py                   24     24     0%   1-57
app\services\scoring\__init__.py                        3      3     0%   1-10
app\services\scoring\engine.py                         55     55     0%   1-139
app\services\scoring\store.py                          24     24     0%   1-54
app\services\sources\__init__.py                        2      2     0%   1-3
app\services\sources\intelligence.py                   78     78     0%   1-145
app\workers\__init__.py                                 0      0   100%
app\workers\celery_app.py                               8      0   100%
app\workers\tasks\__init__.py                           0      0   100%
app\workers\tasks\alert.py                            113    113     0%   1-322
app\workers\tasks\analysis.py                          30     30     0%   1-86
app\workers\tasks\collect.py                          111    111     0%   1-250
app\workers\tasks\correlate.py                         56     14    75%   14, 26, 30-32, 40-44, 82-83, 111, 115
app\workers\tasks\parse.py                             36     36     0%   1-73
app\workers\tasks\recommend.py                         29     29     0%   1-66
app\workers\tasks\score.py                             29     29     0%   1-65
---------------------------------------------------------------------------------
TOTAL                                                3232   2939     9%
1 passed in 3.27s

===== Score | infra/tests/test_score_task.py::test_compute_score_task_persists_current_and_history =====
.                                                                        [100%]
=============================== tests coverage ================================
_______________ coverage: platform win32, python 3.14.0-final-0 _______________

Name                                                Stmts   Miss  Cover   Missing
---------------------------------------------------------------------------------
app\__init__.py                                         0      0   100%
app\api\__init__.py                                     0      0   100%
app\api\v1\__init__.py                                  0      0   100%
app\api\v1\alerts.py                                   92     92     0%   1-250
app\api\v1\analytics.py                                26     26     0%   1-57
app\api\v1\auth.py                                     99     99     0%   1-236
app\api\v1\domains.py                                  46     46     0%   1-102
app\api\v1\incidents.py                                27     27     0%   1-60
app\api\v1\integrations.py                             46     46     0%   1-127
app\api\v1\ioc.py                                      55     55     0%   1-105
app\api\v1\mailboxes.py                                55     55     0%   1-134
app\api\v1\recommendations.py                          42     42     0%   1-128
app\api\v1\records.py                                  24     24     0%   1-57
app\api\v1\reports.py                                  28     28     0%   1-73
app\api\v1\sources.py                                  29     29     0%   1-60
app\core\__init__.py                                    0      0   100%
app\core\config.py                                     64      2    97%   68-69
app\core\dependencies.py                               28     28     0%   1-47
app\core\exceptions.py                                 29     29     0%   1-85
app\core\middleware.py                                 57     57     0%   1-88
app\core\observability.py                              33     33     0%   1-55
app\core\rbac.py                                       51     51     0%   1-109
app\core\security.py                                   46     46     0%   1-95
app\db\__init__.py                                      0      0   100%
app\db\base.py                                          9      9     0%   1-25
app\db\session.py                                      30     30     0%   1-63
app\main.py                                            67     67     0%   1-111
app\repositories\__init__.py                            5      5     0%   1-6
app\repositories\alert_repository.py                  147    147     0%   1-558
app\repositories\incident_repository.py                33     33     0%   1-80
app\repositories\pagination.py                         22     22     0%   1-34
app\repositories\record_repository.py                  49     49     0%   1-99
app\repositories\report_raw_repository.py              46     46     0%   1-148
app\repositories\report_repository.py                  35     35     0%   1-94
app\schemas\__init__.py                                 0      0   100%
app\schemas\alerts.py                                  22     22     0%   1-58
app\schemas\analytics.py                                9      9     0%   1-41
app\schemas\auth.py                                    16     16     0%   1-32
app\schemas\domains.py                                 12     12     0%   1-28
app\schemas\incidents.py                                3      3     0%   1-6
app\schemas\integrations.py                            15     15     0%   1-34
app\schemas\ioc.py                                      3      3     0%   1-16
app\schemas\mailboxes.py                               19     19     0%   1-41
app\schemas\recommendations.py                          8      8     0%   1-29
app\schemas\records.py                                  3      3     0%   1-14
app\schemas\reports.py                                  4      4     0%   1-17
app\schemas\sources.py                                  5      5     0%   1-26
app\services\__init__.py                                0      0   100%
app\services\alerting\__init__.py                       5      5     0%   1-11
app\services\alerting\models.py                        19     19     0%   1-32
app\services\alerting\notifiers.py                     62     62     0%   1-164
app\services\alerting\realtime.py                      80     80     0%   1-133
app\services\alerting\router.py                        23     23     0%   1-58
app\services\analysis\__init__.py                       2      2     0%   1-3
app\services\analysis\alignment.py                     34     34     0%   1-67
app\services\analytics\__init__.py                      2      2     0%   1-3
app\services\analytics\metrics.py                      92     92     0%   1-164
app\services\collector\__init__.py                      0      0   100%
app\services\collector\attachment_decompressor.py      51     51     0%   1-68
app\services\collector\imap_client.py                  52     52     0%   1-110
app\services\collector\minio_uploader.py               24     24     0%   1-68
app\services\correlation\__init__.py                    4      4     0%   1-5
app\services\correlation\classifier.py                 32     32     0%   1-49
app\services\correlation\detector.py                   78     78     0%   1-141
app\services\correlation\incident_creator.py           24     24     0%   1-89
app\services\domain_store.py                           44     44     0%   1-81
app\services\enrichment\__init__.py                     4      4     0%   1-16
app\services\enrichment\cache.py                       22     22     0%   1-30
app\services\enrichment\clients.py                    106    106     0%   1-244
app\services\enrichment\models.py                      11     11     0%   1-33
app\services\enrichment\ratelimit.py                   15     15     0%   1-18
app\services\enrichment\service.py                     16     16     0%   1-47
app\services\integrations\__init__.py                   2      2     0%   1-10
app\services\integrations\store.py                     89     89     0%   1-151
app\services\mailbox_store.py                          53     53     0%   1-109
app\services\parser\__init__.py                         2      2     0%   1-9
app\services\parser\dmarc_parser.py                   122    122     0%   1-208
app\services\parser\minio_report_reader.py             20     20     0%   1-51
app\services\parser\report_indexer.py                  21     21     0%   1-60
app\services\parser\report_persister.py                27     27     0%   1-124
app\services\recommendation\__init__.py                 5      5     0%   1-9
app\services\recommendation\engine.py                  28     28     0%   1-95
app\services\recommendation\models.py                   5      5     0%   1-13
app\services\recommendation\resolution_store.py        19     19     0%   1-47
app\services\recommendation\store.py                   24     24     0%   1-57
app\services\scoring\__init__.py                        3      0   100%
app\services\scoring\engine.py                         55      7    87%   96-100, 123-130
app\services\scoring\store.py                          24      0   100%
app\services\sources\__init__.py                        2      2     0%   1-3
app\services\sources\intelligence.py                   78     78     0%   1-145
app\workers\__init__.py                                 0      0   100%
app\workers\celery_app.py                               8      0   100%
app\workers\tasks\__init__.py                           0      0   100%
app\workers\tasks\alert.py                            113    113     0%   1-322
app\workers\tasks\analysis.py                          30     30     0%   1-86
app\workers\tasks\collect.py                          111    111     0%   1-250
app\workers\tasks\correlate.py                         56     56     0%   1-115
app\workers\tasks\parse.py                             36     36     0%   1-73
app\workers\tasks\recommend.py                         29     29     0%   1-66
app\workers\tasks\score.py                             29      8    72%   20-22, 30-34
---------------------------------------------------------------------------------
TOTAL                                                3232   3066     5%
1 passed in 1.83s

===== Recommend | tests/test_recommend_task.py::test_recommend_task_persists_current_and_history =====
.                                                                        [100%]
=============================== tests coverage ================================
_______________ coverage: platform win32, python 3.14.0-final-0 _______________

Name                                                Stmts   Miss  Cover   Missing
---------------------------------------------------------------------------------
app\__init__.py                                         0      0   100%
app\api\__init__.py                                     0      0   100%
app\api\v1\__init__.py                                  0      0   100%
app\api\v1\alerts.py                                   92     92     0%   1-250
app\api\v1\analytics.py                                26     26     0%   1-57
app\api\v1\auth.py                                     99     99     0%   1-236
app\api\v1\domains.py                                  46     46     0%   1-102
app\api\v1\incidents.py                                27     27     0%   1-60
app\api\v1\integrations.py                             46     46     0%   1-127
app\api\v1\ioc.py                                      55     55     0%   1-105
app\api\v1\mailboxes.py                                55     55     0%   1-134
app\api\v1\recommendations.py                          42     42     0%   1-128
app\api\v1\records.py                                  24     24     0%   1-57
app\api\v1\reports.py                                  28     28     0%   1-73
app\api\v1\sources.py                                  29     29     0%   1-60
app\core\__init__.py                                    0      0   100%
app\core\config.py                                     64      2    97%   68-69
app\core\dependencies.py                               28     28     0%   1-47
app\core\exceptions.py                                 29     29     0%   1-85
app\core\middleware.py                                 57     57     0%   1-88
app\core\observability.py                              33     33     0%   1-55
app\core\rbac.py                                       51     51     0%   1-109
app\core\security.py                                   46     46     0%   1-95
app\db\__init__.py                                      0      0   100%
app\db\base.py                                          9      9     0%   1-25
app\db\session.py                                      30     30     0%   1-63
app\main.py                                            67     67     0%   1-111
app\repositories\__init__.py                            5      5     0%   1-6
app\repositories\alert_repository.py                  147    147     0%   1-558
app\repositories\incident_repository.py                33     33     0%   1-80
app\repositories\pagination.py                         22     22     0%   1-34
app\repositories\record_repository.py                  49     49     0%   1-99
app\repositories\report_raw_repository.py              46     46     0%   1-148
app\repositories\report_repository.py                  35     35     0%   1-94
app\schemas\__init__.py                                 0      0   100%
app\schemas\alerts.py                                  22     22     0%   1-58
app\schemas\analytics.py                                9      9     0%   1-41
app\schemas\auth.py                                    16     16     0%   1-32
app\schemas\domains.py                                 12     12     0%   1-28
app\schemas\incidents.py                                3      3     0%   1-6
app\schemas\integrations.py                            15     15     0%   1-34
app\schemas\ioc.py                                      3      3     0%   1-16
app\schemas\mailboxes.py                               19     19     0%   1-41
app\schemas\recommendations.py                          8      8     0%   1-29
app\schemas\records.py                                  3      3     0%   1-14
app\schemas\reports.py                                  4      4     0%   1-17
app\schemas\sources.py                                  5      5     0%   1-26
app\services\__init__.py                                0      0   100%
app\services\alerting\__init__.py                       5      5     0%   1-11
app\services\alerting\models.py                        19     19     0%   1-32
app\services\alerting\notifiers.py                     62     62     0%   1-164
app\services\alerting\realtime.py                      80     80     0%   1-133
app\services\alerting\router.py                        23     23     0%   1-58
app\services\analysis\__init__.py                       2      2     0%   1-3
app\services\analysis\alignment.py                     34     34     0%   1-67
app\services\analytics\__init__.py                      2      2     0%   1-3
app\services\analytics\metrics.py                      92     92     0%   1-164
app\services\collector\__init__.py                      0      0   100%
app\services\collector\attachment_decompressor.py      51     51     0%   1-68
app\services\collector\imap_client.py                  52     52     0%   1-110
app\services\collector\minio_uploader.py               24     24     0%   1-68
app\services\correlation\__init__.py                    4      4     0%   1-5
app\services\correlation\classifier.py                 32     32     0%   1-49
app\services\correlation\detector.py                   78     78     0%   1-141
app\services\correlation\incident_creator.py           24     24     0%   1-89
app\services\domain_store.py                           44     44     0%   1-81
app\services\enrichment\__init__.py                     4      4     0%   1-16
app\services\enrichment\cache.py                       22     22     0%   1-30
app\services\enrichment\clients.py                    106    106     0%   1-244
app\services\enrichment\models.py                      11     11     0%   1-33
app\services\enrichment\ratelimit.py                   15     15     0%   1-18
app\services\enrichment\service.py                     16     16     0%   1-47
app\services\integrations\__init__.py                   2      2     0%   1-10
app\services\integrations\store.py                     89     89     0%   1-151
app\services\mailbox_store.py                          53     53     0%   1-109
app\services\parser\__init__.py                         2      2     0%   1-9
app\services\parser\dmarc_parser.py                   122    122     0%   1-208
app\services\parser\minio_report_reader.py             20     20     0%   1-51
app\services\parser\report_indexer.py                  21     21     0%   1-60
app\services\parser\report_persister.py                27     27     0%   1-124
app\services\recommendation\__init__.py                 5      0   100%
app\services\recommendation\engine.py                  28      3    89%   93-95
app\services\recommendation\models.py                   5      0   100%
app\services\recommendation\resolution_store.py        19      7    63%   17, 27-35, 38, 43, 47
app\services\recommendation\store.py                   24      0   100%
app\services\scoring\__init__.py                        3      3     0%   1-10
app\services\scoring\engine.py                         55     55     0%   1-139
app\services\scoring\store.py                          24     24     0%   1-54
app\services\sources\__init__.py                        2      2     0%   1-3
app\services\sources\intelligence.py                   78     78     0%   1-145
app\workers\__init__.py                                 0      0   100%
app\workers\celery_app.py                               8      0   100%
app\workers\tasks\__init__.py                           0      0   100%
app\workers\tasks\alert.py                            113    113     0%   1-322
app\workers\tasks\analysis.py                          30     30     0%   1-86
app\workers\tasks\collect.py                          111    111     0%   1-250
app\workers\tasks\correlate.py                         56     56     0%   1-115
app\workers\tasks\parse.py                             36     36     0%   1-73
app\workers\tasks\recommend.py                         29      8    72%   20-22, 34-38
app\workers\tasks\score.py                             29     29     0%   1-65
---------------------------------------------------------------------------------
TOTAL                                                3232   3070     5%
1 passed in 1.67s

===== Alert | tests/test_alert_task.py::test_alert_worker_creates_and_dispatches_channels =====
.                                                                        [100%]
=============================== tests coverage ================================
_______________ coverage: platform win32, python 3.14.0-final-0 _______________

Name                                                Stmts   Miss  Cover   Missing
---------------------------------------------------------------------------------
app\__init__.py                                         0      0   100%
app\api\__init__.py                                     0      0   100%
app\api\v1\__init__.py                                  0      0   100%
app\api\v1\alerts.py                                   92     92     0%   1-250
app\api\v1\analytics.py                                26     26     0%   1-57
app\api\v1\auth.py                                     99     99     0%   1-236
app\api\v1\domains.py                                  46     46     0%   1-102
app\api\v1\incidents.py                                27     27     0%   1-60
app\api\v1\integrations.py                             46     46     0%   1-127
app\api\v1\ioc.py                                      55     55     0%   1-105
app\api\v1\mailboxes.py                                55     55     0%   1-134
app\api\v1\recommendations.py                          42     42     0%   1-128
app\api\v1\records.py                                  24     24     0%   1-57
app\api\v1\reports.py                                  28     28     0%   1-73
app\api\v1\sources.py                                  29     29     0%   1-60
app\core\__init__.py                                    0      0   100%
app\core\config.py                                     64      2    97%   68-69
app\core\dependencies.py                               28     28     0%   1-47
app\core\exceptions.py                                 29     29     0%   1-85
app\core\middleware.py                                 57     57     0%   1-88
app\core\observability.py                              33     33     0%   1-55
app\core\rbac.py                                       51     51     0%   1-109
app\core\security.py                                   46     46     0%   1-95
app\db\__init__.py                                      0      0   100%
app\db\base.py                                          9      9     0%   1-25
app\db\session.py                                      30     17    43%   16-25, 30-33, 43, 52-54, 58, 62-63
app\main.py                                            67     67     0%   1-111
app\repositories\__init__.py                            5      0   100%
app\repositories\alert_repository.py                  147     95    35%   59-113, 116-143, 146-174, 186-198, 201-225, 236-277, 288-329, 339-379, 390-446, 459-506, 510, 525, 538-547, 551-558
app\repositories\incident_repository.py                33     33     0%   1-80
app\repositories\pagination.py                         22     11    50%   14-16, 20, 24, 28-34
app\repositories\record_repository.py                  49     39    20%   11-13, 16-21, 31-69, 72-76, 79-99
app\repositories\report_raw_repository.py              46     25    46%   69-75, 89-99, 102-107, 110, 119-129, 145-148
app\repositories\report_repository.py                  35     22    37%   25-41, 44-69, 77-91, 94
app\schemas\__init__.py                                 0      0   100%
app\schemas\alerts.py                                  22     22     0%   1-58
app\schemas\analytics.py                                9      9     0%   1-41
app\schemas\auth.py                                    16     16     0%   1-32
app\schemas\domains.py                                 12     12     0%   1-28
app\schemas\incidents.py                                3      3     0%   1-6
app\schemas\integrations.py                            15     15     0%   1-34
app\schemas\ioc.py                                      3      3     0%   1-16
app\schemas\mailboxes.py                               19     19     0%   1-41
app\schemas\recommendations.py                          8      8     0%   1-29
app\schemas\records.py                                  3      3     0%   1-14
app\schemas\reports.py                                  4      4     0%   1-17
app\schemas\sources.py                                  5      5     0%   1-26
app\services\__init__.py                                0      0   100%
app\services\alerting\__init__.py                       5      0   100%
app\services\alerting\models.py                        19      0   100%
app\services\alerting\notifiers.py                     62     46    26%   22-27, 30-50, 65-67, 70-92, 108-111, 114-156, 164
app\services\alerting\realtime.py                      80     60    25%   14, 19, 29-44, 49-52, 55-58, 61-64, 67-95, 98-112, 116-117, 121-122, 126-133
app\services\alerting\router.py                        23     15    35%   18, 21, 25-44, 48-58
app\services\analysis\__init__.py                       2      2     0%   1-3
app\services\analysis\alignment.py                     34     34     0%   1-67
app\services\analytics\__init__.py                      2      2     0%   1-3
app\services\analytics\metrics.py                      92     92     0%   1-164
app\services\collector\__init__.py                      0      0   100%
app\services\collector\attachment_decompressor.py      51     51     0%   1-68
app\services\collector\imap_client.py                  52     52     0%   1-110
app\services\collector\minio_uploader.py               24     24     0%   1-68
app\services\correlation\__init__.py                    4      4     0%   1-5
app\services\correlation\classifier.py                 32     32     0%   1-49
app\services\correlation\detector.py                   78     78     0%   1-141
app\services\correlation\incident_creator.py           24     24     0%   1-89
app\services\domain_store.py                           44     44     0%   1-81
app\services\enrichment\__init__.py                     4      4     0%   1-16
app\services\enrichment\cache.py                       22     22     0%   1-30
app\services\enrichment\clients.py                    106    106     0%   1-244
app\services\enrichment\models.py                      11     11     0%   1-33
app\services\enrichment\ratelimit.py                   15     15     0%   1-18
app\services\enrichment\service.py                     16     16     0%   1-47
app\services\integrations\__init__.py                   2      2     0%   1-10
app\services\integrations\store.py                     89     89     0%   1-151
app\services\mailbox_store.py                          53     53     0%   1-109
app\services\parser\__init__.py                         2      2     0%   1-9
app\services\parser\dmarc_parser.py                   122    122     0%   1-208
app\services\parser\minio_report_reader.py             20     20     0%   1-51
app\services\parser\report_indexer.py                  21     21     0%   1-60
app\services\parser\report_persister.py                27     27     0%   1-124
app\services\recommendation\__init__.py                 5      5     0%   1-9
app\services\recommendation\engine.py                  28     28     0%   1-95
app\services\recommendation\models.py                   5      5     0%   1-13
app\services\recommendation\resolution_store.py        19     19     0%   1-47
app\services\recommendation\store.py                   24     24     0%   1-57
app\services\scoring\__init__.py                        3      3     0%   1-10
app\services\scoring\engine.py                         55     55     0%   1-139
app\services\scoring\store.py                          24     24     0%   1-54
app\services\sources\__init__.py                        2      2     0%   1-3
app\services\sources\intelligence.py                   78     78     0%   1-145
app\workers\__init__.py                                 0      0   100%
app\workers\celery_app.py                               8      0   100%
app\workers\tasks\__init__.py                           0      0   100%
app\workers\tasks\alert.py                            113     46    59%   31, 35, 39-40, 49-50, 57-58, 66, 70-72, 80-84, 92-96, 103, 105, 153-178, 199-207, 283-284, 293, 297-298, 321-322
app\workers\tasks\analysis.py                          30     30     0%   1-86
app\workers\tasks\collect.py                          111    111     0%   1-250
app\workers\tasks\correlate.py                         56     56     0%   1-115
app\workers\tasks\parse.py                             36     36     0%   1-73
app\workers\tasks\recommend.py                         29     29     0%   1-66
app\workers\tasks\score.py                             29     29     0%   1-65
---------------------------------------------------------------------------------
TOTAL                                                3232   2902    10%
1 passed in 3.44s

===== Collect-Parse Integration | tests/test_pipeline_integration.py::test_collect_parse_persist_index_integration =====
.                                                                        [100%]
=============================== tests coverage ================================
_______________ coverage: platform win32, python 3.14.0-final-0 _______________

Name                                                Stmts   Miss  Cover   Missing
---------------------------------------------------------------------------------
app\__init__.py                                         0      0   100%
app\api\__init__.py                                     0      0   100%
app\api\v1\__init__.py                                  0      0   100%
app\api\v1\alerts.py                                   92     92     0%   1-250
app\api\v1\analytics.py                                26     26     0%   1-57
app\api\v1\auth.py                                     99     99     0%   1-236
app\api\v1\domains.py                                  46     46     0%   1-102
app\api\v1\incidents.py                                27     27     0%   1-60
app\api\v1\integrations.py                             46     46     0%   1-127
app\api\v1\ioc.py                                      55     55     0%   1-105
app\api\v1\mailboxes.py                                55     55     0%   1-134
app\api\v1\recommendations.py                          42     42     0%   1-128
app\api\v1\records.py                                  24     24     0%   1-57
app\api\v1\reports.py                                  28     28     0%   1-73
app\api\v1\sources.py                                  29     29     0%   1-60
app\core\__init__.py                                    0      0   100%
app\core\config.py                                     64      2    97%   68-69
app\core\dependencies.py                               28     28     0%   1-47
app\core\exceptions.py                                 29     29     0%   1-85
app\core\middleware.py                                 57     57     0%   1-88
app\core\observability.py                              33     33     0%   1-55
app\core\rbac.py                                       51     51     0%   1-109
app\core\security.py                                   46     46     0%   1-95
app\db\__init__.py                                      0      0   100%
app\db\base.py                                          9      9     0%   1-25
app\db\session.py                                      30     17    43%   16-25, 30-33, 43, 52-54, 58, 62-63
app\main.py                                            67     67     0%   1-111
app\repositories\__init__.py                            5      5     0%   1-6
app\repositories\alert_repository.py                  147    147     0%   1-558
app\repositories\incident_repository.py                33     33     0%   1-80
app\repositories\pagination.py                         22     22     0%   1-34
app\repositories\record_repository.py                  49     49     0%   1-99
app\repositories\report_raw_repository.py              46     46     0%   1-148
app\repositories\report_repository.py                  35     35     0%   1-94
app\schemas\__init__.py                                 0      0   100%
app\schemas\alerts.py                                  22     22     0%   1-58
app\schemas\analytics.py                                9      9     0%   1-41
app\schemas\auth.py                                    16     16     0%   1-32
app\schemas\domains.py                                 12     12     0%   1-28
app\schemas\incidents.py                                3      3     0%   1-6
app\schemas\integrations.py                            15     15     0%   1-34
app\schemas\ioc.py                                      3      3     0%   1-16
app\schemas\mailboxes.py                               19     19     0%   1-41
app\schemas\recommendations.py                          8      8     0%   1-29
app\schemas\records.py                                  3      3     0%   1-14
app\schemas\reports.py                                  4      4     0%   1-17
app\schemas\sources.py                                  5      5     0%   1-26
app\services\__init__.py                                0      0   100%
app\services\alerting\__init__.py                       5      5     0%   1-11
app\services\alerting\models.py                        19     19     0%   1-32
app\services\alerting\notifiers.py                     62     62     0%   1-164
app\services\alerting\realtime.py                      80     80     0%   1-133
app\services\alerting\router.py                        23     23     0%   1-58
app\services\analysis\__init__.py                       2      2     0%   1-3
app\services\analysis\alignment.py                     34     34     0%   1-67
app\services\analytics\__init__.py                      2      2     0%   1-3
app\services\analytics\metrics.py                      92     92     0%   1-164
app\services\collector\__init__.py                      0      0   100%
app\services\collector\attachment_decompressor.py      51     31    39%   26, 28, 32-38, 41-68
app\services\collector\imap_client.py                  52     39    25%   34-35, 44-67, 70-85, 95-102, 105-110
app\services\collector\minio_uploader.py               24     13    46%   32-38, 46-49, 58-68
app\services\correlation\__init__.py                    4      4     0%   1-5
app\services\correlation\classifier.py                 32     32     0%   1-49
app\services\correlation\detector.py                   78     78     0%   1-141
app\services\correlation\incident_creator.py           24     24     0%   1-89
app\services\domain_store.py                           44     44     0%   1-81
app\services\enrichment\__init__.py                     4      4     0%   1-16
app\services\enrichment\cache.py                       22     22     0%   1-30
app\services\enrichment\clients.py                    106    106     0%   1-244
app\services\enrichment\models.py                      11     11     0%   1-33
app\services\enrichment\ratelimit.py                   15     15     0%   1-18
app\services\enrichment\service.py                     16     16     0%   1-47
app\services\integrations\__init__.py                   2      2     0%   1-10
app\services\integrations\store.py                     89     89     0%   1-151
app\services\mailbox_store.py                          53     35    34%   24, 36-50, 53, 56, 59-62, 76-93, 96-100, 105, 109
app\services\parser\__init__.py                         2      0   100%
app\services\parser\dmarc_parser.py                   122     27    78%   68, 75, 91-92, 106, 110, 112, 114, 146-152, 158, 166, 175-176, 183-184, 187, 199-201, 207-208
app\services\parser\minio_report_reader.py             20     10    50%   28-34, 42-51
app\services\parser\report_indexer.py                  21     14    33%   9-11, 21-54, 57-60
app\services\parser\report_persister.py                27     17    37%   13-48, 51-69, 79-124
app\services\recommendation\__init__.py                 5      5     0%   1-9
app\services\recommendation\engine.py                  28     28     0%   1-95
app\services\recommendation\models.py                   5      5     0%   1-13
app\services\recommendation\resolution_store.py        19     19     0%   1-47
app\services\recommendation\store.py                   24     24     0%   1-57
app\services\scoring\__init__.py                        3      3     0%   1-10
app\services\scoring\engine.py                         55     55     0%   1-139
app\services\scoring\store.py                          24     24     0%   1-54
app\services\sources\__init__.py                        2      2     0%   1-3
app\services\sources\intelligence.py                   78     78     0%   1-145
app\workers\__init__.py                                 0      0   100%
app\workers\celery_app.py                               8      0   100%
app\workers\tasks\__init__.py                           0      0   100%
app\workers\tasks\alert.py                            113    113     0%   1-322
app\workers\tasks\analysis.py                          30     30     0%   1-86
app\workers\tasks\collect.py                          111     33    70%   25, 33, 37-38, 42-44, 49-63, 76-88, 109, 141-142, 146-159, 219, 246-250
app\workers\tasks\correlate.py                         56     56     0%   1-115
app\workers\tasks\parse.py                             36     12    67%   13, 17, 21, 25, 29-31, 41-50
app\workers\tasks\recommend.py                         29     29     0%   1-66
app\workers\tasks\score.py                             29     29     0%   1-65
---------------------------------------------------------------------------------
TOTAL                                                3232   2861    11%
1 passed in 4.64s

